[0m[1mdata.aws_availability_zones.available: Reading...[0m[0m
[0m[1mdata.aws_availability_zones.available: Read complete after 1s [id=us-east-1][0m

Terraform used the selected providers to generate the following execution
plan. Resource actions are indicated with the following symbols:
  [32m+[0m create[0m

Terraform will perform the following actions:

[1m  # aws_db_instance.postgres[0m will be created
[0m  [32m+[0m[0m resource "aws_db_instance" "postgres" {
      [32m+[0m[0m address                               = (known after apply)
      [32m+[0m[0m allocated_storage                     = 20
      [32m+[0m[0m apply_immediately                     = false
      [32m+[0m[0m arn                                   = (known after apply)
      [32m+[0m[0m auto_minor_version_upgrade            = true
      [32m+[0m[0m availability_zone                     = (known after apply)
      [32m+[0m[0m backup_retention_period               = 7
      [32m+[0m[0m backup_target                         = (known after apply)
      [32m+[0m[0m backup_window                         = "07:00-08:00"
      [32m+[0m[0m ca_cert_identifier                    = (known after apply)
      [32m+[0m[0m character_set_name                    = (known after apply)
      [32m+[0m[0m copy_tags_to_snapshot                 = false
      [32m+[0m[0m database_insights_mode                = (known after apply)
      [32m+[0m[0m db_name                               = "memeplatform"
      [32m+[0m[0m db_subnet_group_name                  = "meme-platform-db-subnets"
      [32m+[0m[0m dedicated_log_volume                  = false
      [32m+[0m[0m delete_automated_backups              = true
      [32m+[0m[0m deletion_protection                   = true
      [32m+[0m[0m domain_fqdn                           = (known after apply)
      [32m+[0m[0m endpoint                              = (known after apply)
      [32m+[0m[0m engine                                = "postgres"
      [32m+[0m[0m engine_lifecycle_support              = (known after apply)
      [32m+[0m[0m engine_version                        = "16.14"
      [32m+[0m[0m engine_version_actual                 = (known after apply)
      [32m+[0m[0m final_snapshot_identifier             = "meme-platform-postgres-final"
      [32m+[0m[0m hosted_zone_id                        = (known after apply)
      [32m+[0m[0m id                                    = (known after apply)
      [32m+[0m[0m identifier                            = "meme-platform-postgres"
      [32m+[0m[0m identifier_prefix                     = (known after apply)
      [32m+[0m[0m instance_class                        = "db.t4g.micro"
      [32m+[0m[0m iops                                  = (known after apply)
      [32m+[0m[0m kms_key_id                            = (known after apply)
      [32m+[0m[0m latest_restorable_time                = (known after apply)
      [32m+[0m[0m license_model                         = (known after apply)
      [32m+[0m[0m listener_endpoint                     = (known after apply)
      [32m+[0m[0m maintenance_window                    = (known after apply)
      [32m+[0m[0m manage_master_user_password           = true
      [32m+[0m[0m master_user_secret                    = (known after apply)
      [32m+[0m[0m master_user_secret_kms_key_id         = (known after apply)
      [32m+[0m[0m monitoring_interval                   = 0
      [32m+[0m[0m monitoring_role_arn                   = (known after apply)
      [32m+[0m[0m multi_az                              = false
      [32m+[0m[0m nchar_character_set_name              = (known after apply)
      [32m+[0m[0m network_type                          = (known after apply)
      [32m+[0m[0m option_group_name                     = (known after apply)
      [32m+[0m[0m parameter_group_name                  = (known after apply)
      [32m+[0m[0m password_wo                           = (write-only attribute)
      [32m+[0m[0m performance_insights_enabled          = false
      [32m+[0m[0m performance_insights_kms_key_id       = (known after apply)
      [32m+[0m[0m performance_insights_retention_period = (known after apply)
      [32m+[0m[0m port                                  = (known after apply)
      [32m+[0m[0m publicly_accessible                   = false
      [32m+[0m[0m replica_mode                          = (known after apply)
      [32m+[0m[0m replicas                              = (known after apply)
      [32m+[0m[0m resource_id                           = (known after apply)
      [32m+[0m[0m skip_final_snapshot                   = false
      [32m+[0m[0m snapshot_identifier                   = (known after apply)
      [32m+[0m[0m status                                = (known after apply)
      [32m+[0m[0m storage_encrypted                     = true
      [32m+[0m[0m storage_throughput                    = (known after apply)
      [32m+[0m[0m storage_type                          = "gp2"
      [32m+[0m[0m tags                                  = {
          [32m+[0m[0m "Name" = "meme-platform-postgres"
        }
      [32m+[0m[0m tags_all                              = {
          [32m+[0m[0m "ManagedBy" = "terraform"
          [32m+[0m[0m "Name"      = "meme-platform-postgres"
          [32m+[0m[0m "Project"   = "meme-platform"
          [32m+[0m[0m "Stack"     = "persistent"
        }
      [32m+[0m[0m timezone                              = (known after apply)
      [32m+[0m[0m username                              = "memeplatform_admin"
      [32m+[0m[0m vpc_security_group_ids                = (known after apply)
    }

[1m  # aws_db_subnet_group.main[0m will be created
[0m  [32m+[0m[0m resource "aws_db_subnet_group" "main" {
      [32m+[0m[0m arn                     = (known after apply)
      [32m+[0m[0m description             = "Managed by Terraform"
      [32m+[0m[0m id                      = (known after apply)
      [32m+[0m[0m name                    = "meme-platform-db-subnets"
      [32m+[0m[0m name_prefix             = (known after apply)
      [32m+[0m[0m subnet_ids              = (known after apply)
      [32m+[0m[0m supported_network_types = (known after apply)
      [32m+[0m[0m tags                    = {
          [32m+[0m[0m "Name" = "meme-platform-db-subnets"
        }
      [32m+[0m[0m tags_all                = {
          [32m+[0m[0m "ManagedBy" = "terraform"
          [32m+[0m[0m "Name"      = "meme-platform-db-subnets"
          [32m+[0m[0m "Project"   = "meme-platform"
          [32m+[0m[0m "Stack"     = "persistent"
        }
      [32m+[0m[0m vpc_id                  = (known after apply)
    }

[1m  # aws_ecr_lifecycle_policy.api[0m will be created
[0m  [32m+[0m[0m resource "aws_ecr_lifecycle_policy" "api" {
      [32m+[0m[0m id          = (known after apply)
      [32m+[0m[0m policy      = jsonencode(
            {
              [32m+[0m[0m rules = [
                  [32m+[0m[0m {
                      [32m+[0m[0m action       = {
                          [32m+[0m[0m type = "expire"
                        }
                      [32m+[0m[0m description  = "Expire untagged images after 14 days"
                      [32m+[0m[0m rulePriority = 1
                      [32m+[0m[0m selection    = {
                          [32m+[0m[0m countNumber = 14
                          [32m+[0m[0m countType   = "sinceImagePushed"
                          [32m+[0m[0m countUnit   = "days"
                          [32m+[0m[0m tagStatus   = "untagged"
                        }
                    },
                ]
            }
        )
      [32m+[0m[0m registry_id = (known after apply)
      [32m+[0m[0m repository  = "meme-platform/api"
    }

[1m  # aws_ecr_repository.api[0m will be created
[0m  [32m+[0m[0m resource "aws_ecr_repository" "api" {
      [32m+[0m[0m arn                  = (known after apply)
      [32m+[0m[0m id                   = (known after apply)
      [32m+[0m[0m image_tag_mutability = "MUTABLE"
      [32m+[0m[0m name                 = "meme-platform/api"
      [32m+[0m[0m registry_id          = (known after apply)
      [32m+[0m[0m repository_url       = (known after apply)
      [32m+[0m[0m tags                 = {
          [32m+[0m[0m "Name" = "meme-platform-ecr-api"
        }
      [32m+[0m[0m tags_all             = {
          [32m+[0m[0m "ManagedBy" = "terraform"
          [32m+[0m[0m "Name"      = "meme-platform-ecr-api"
          [32m+[0m[0m "Project"   = "meme-platform"
          [32m+[0m[0m "Stack"     = "persistent"
        }

      [32m+[0m[0m image_scanning_configuration {
          [32m+[0m[0m scan_on_push = true
        }
    }

[1m  # aws_elasticache_cluster.redis[0m will be created
[0m  [32m+[0m[0m resource "aws_elasticache_cluster" "redis" {
      [32m+[0m[0m apply_immediately          = true
      [32m+[0m[0m arn                        = (known after apply)
      [32m+[0m[0m auto_minor_version_upgrade = "true"
      [32m+[0m[0m availability_zone          = (known after apply)
      [32m+[0m[0m az_mode                    = (known after apply)
      [32m+[0m[0m cache_nodes                = (known after apply)
      [32m+[0m[0m cluster_address            = (known after apply)
      [32m+[0m[0m cluster_id                 = "meme-platform-redis"
      [32m+[0m[0m configuration_endpoint     = (known after apply)
      [32m+[0m[0m engine                     = "redis"
      [32m+[0m[0m engine_version             = "7.1"
      [32m+[0m[0m engine_version_actual      = (known after apply)
      [32m+[0m[0m id                         = (known after apply)
      [32m+[0m[0m ip_discovery               = (known after apply)
      [32m+[0m[0m maintenance_window         = (known after apply)
      [32m+[0m[0m network_type               = (known after apply)
      [32m+[0m[0m node_type                  = "cache.t4g.micro"
      [32m+[0m[0m num_cache_nodes            = 1
      [32m+[0m[0m parameter_group_name       = (known after apply)
      [32m+[0m[0m port                       = 6379
      [32m+[0m[0m preferred_outpost_arn      = (known after apply)
      [32m+[0m[0m replication_group_id       = (known after apply)
      [32m+[0m[0m security_group_ids         = (known after apply)
      [32m+[0m[0m snapshot_window            = (known after apply)
      [32m+[0m[0m subnet_group_name          = "meme-platform-cache-subnets"
      [32m+[0m[0m tags                       = {
          [32m+[0m[0m "Name" = "meme-platform-redis"
        }
      [32m+[0m[0m tags_all                   = {
          [32m+[0m[0m "ManagedBy" = "terraform"
          [32m+[0m[0m "Name"      = "meme-platform-redis"
          [32m+[0m[0m "Project"   = "meme-platform"
          [32m+[0m[0m "Stack"     = "persistent"
        }
      [32m+[0m[0m transit_encryption_enabled = (known after apply)
    }

[1m  # aws_elasticache_subnet_group.main[0m will be created
[0m  [32m+[0m[0m resource "aws_elasticache_subnet_group" "main" {
      [32m+[0m[0m arn         = (known after apply)
      [32m+[0m[0m description = "Managed by Terraform"
      [32m+[0m[0m id          = (known after apply)
      [32m+[0m[0m name        = "meme-platform-cache-subnets"
      [32m+[0m[0m subnet_ids  = (known after apply)
      [32m+[0m[0m tags_all    = {
          [32m+[0m[0m "ManagedBy" = "terraform"
          [32m+[0m[0m "Project"   = "meme-platform"
          [32m+[0m[0m "Stack"     = "persistent"
        }
      [32m+[0m[0m vpc_id      = (known after apply)
    }

[1m  # aws_internet_gateway.main[0m will be created
[0m  [32m+[0m[0m resource "aws_internet_gateway" "main" {
      [32m+[0m[0m arn      = (known after apply)
      [32m+[0m[0m id       = (known after apply)
      [32m+[0m[0m owner_id = (known after apply)
      [32m+[0m[0m tags     = {
          [32m+[0m[0m "Name" = "meme-platform-igw"
        }
      [32m+[0m[0m tags_all = {
          [32m+[0m[0m "ManagedBy" = "terraform"
          [32m+[0m[0m "Name"      = "meme-platform-igw"
          [32m+[0m[0m "Project"   = "meme-platform"
          [32m+[0m[0m "Stack"     = "persistent"
        }
      [32m+[0m[0m vpc_id   = (known after apply)
    }

[1m  # aws_route_table.private[0m will be created
[0m  [32m+[0m[0m resource "aws_route_table" "private" {
      [32m+[0m[0m arn              = (known after apply)
      [32m+[0m[0m id               = (known after apply)
      [32m+[0m[0m owner_id         = (known after apply)
      [32m+[0m[0m propagating_vgws = (known after apply)
      [32m+[0m[0m route            = (known after apply)
      [32m+[0m[0m tags             = {
          [32m+[0m[0m "Name" = "meme-platform-private-rt"
        }
      [32m+[0m[0m tags_all         = {
          [32m+[0m[0m "ManagedBy" = "terraform"
          [32m+[0m[0m "Name"      = "meme-platform-private-rt"
          [32m+[0m[0m "Project"   = "meme-platform"
          [32m+[0m[0m "Stack"     = "persistent"
        }
      [32m+[0m[0m vpc_id           = (known after apply)
    }

[1m  # aws_route_table.public[0m will be created
[0m  [32m+[0m[0m resource "aws_route_table" "public" {
      [32m+[0m[0m arn              = (known after apply)
      [32m+[0m[0m id               = (known after apply)
      [32m+[0m[0m owner_id         = (known after apply)
      [32m+[0m[0m propagating_vgws = (known after apply)
      [32m+[0m[0m route            = [
          [32m+[0m[0m {
              [32m+[0m[0m cidr_block                 = "0.0.0.0/0"
              [32m+[0m[0m gateway_id                 = (known after apply)
                [90m# (11 unchanged attributes hidden)[0m[0m
            },
        ]
      [32m+[0m[0m tags             = {
          [32m+[0m[0m "Name" = "meme-platform-public-rt"
        }
      [32m+[0m[0m tags_all         = {
          [32m+[0m[0m "ManagedBy" = "terraform"
          [32m+[0m[0m "Name"      = "meme-platform-public-rt"
          [32m+[0m[0m "Project"   = "meme-platform"
          [32m+[0m[0m "Stack"     = "persistent"
        }
      [32m+[0m[0m vpc_id           = (known after apply)
    }

[1m  # aws_route_table_association.private[0][0m will be created
[0m  [32m+[0m[0m resource "aws_route_table_association" "private" {
      [32m+[0m[0m id             = (known after apply)
      [32m+[0m[0m route_table_id = (known after apply)
      [32m+[0m[0m subnet_id      = (known after apply)
    }

[1m  # aws_route_table_association.private[1][0m will be created
[0m  [32m+[0m[0m resource "aws_route_table_association" "private" {
      [32m+[0m[0m id             = (known after apply)
      [32m+[0m[0m route_table_id = (known after apply)
      [32m+[0m[0m subnet_id      = (known after apply)
    }

[1m  # aws_route_table_association.public[0][0m will be created
[0m  [32m+[0m[0m resource "aws_route_table_association" "public" {
      [32m+[0m[0m id             = (known after apply)
      [32m+[0m[0m route_table_id = (known after apply)
      [32m+[0m[0m subnet_id      = (known after apply)
    }

[1m  # aws_route_table_association.public[1][0m will be created
[0m  [32m+[0m[0m resource "aws_route_table_association" "public" {
      [32m+[0m[0m id             = (known after apply)
      [32m+[0m[0m route_table_id = (known after apply)
      [32m+[0m[0m subnet_id      = (known after apply)
    }

[1m  # aws_security_group.app_access[0m will be created
[0m  [32m+[0m[0m resource "aws_security_group" "app_access" {
      [32m+[0m[0m arn                    = (known after apply)
      [32m+[0m[0m description            = "Attached to compute that needs to reach RDS/ElastiCache (EKS nodes, C1)"
      [32m+[0m[0m egress                 = [
          [32m+[0m[0m {
              [32m+[0m[0m cidr_blocks      = [
                  [32m+[0m[0m "0.0.0.0/0",
                ]
              [32m+[0m[0m from_port        = 0
              [32m+[0m[0m ipv6_cidr_blocks = []
              [32m+[0m[0m prefix_list_ids  = []
              [32m+[0m[0m protocol         = "-1"
              [32m+[0m[0m security_groups  = []
              [32m+[0m[0m self             = false
              [32m+[0m[0m to_port          = 0
                [90m# (1 unchanged attribute hidden)[0m[0m
            },
        ]
      [32m+[0m[0m id                     = (known after apply)
      [32m+[0m[0m ingress                = (known after apply)
      [32m+[0m[0m name                   = "meme-platform-app-access"
      [32m+[0m[0m name_prefix            = (known after apply)
      [32m+[0m[0m owner_id               = (known after apply)
      [32m+[0m[0m revoke_rules_on_delete = false
      [32m+[0m[0m tags                   = {
          [32m+[0m[0m "Name" = "meme-platform-app-access"
        }
      [32m+[0m[0m tags_all               = {
          [32m+[0m[0m "ManagedBy" = "terraform"
          [32m+[0m[0m "Name"      = "meme-platform-app-access"
          [32m+[0m[0m "Project"   = "meme-platform"
          [32m+[0m[0m "Stack"     = "persistent"
        }
      [32m+[0m[0m vpc_id                 = (known after apply)
    }

[1m  # aws_security_group.rds[0m will be created
[0m  [32m+[0m[0m resource "aws_security_group" "rds" {
      [32m+[0m[0m arn                    = (known after apply)
      [32m+[0m[0m description            = "Postgres — ingress only from app_access"
      [32m+[0m[0m egress                 = [
          [32m+[0m[0m {
              [32m+[0m[0m cidr_blocks      = [
                  [32m+[0m[0m "0.0.0.0/0",
                ]
              [32m+[0m[0m from_port        = 0
              [32m+[0m[0m ipv6_cidr_blocks = []
              [32m+[0m[0m prefix_list_ids  = []
              [32m+[0m[0m protocol         = "-1"
              [32m+[0m[0m security_groups  = []
              [32m+[0m[0m self             = false
              [32m+[0m[0m to_port          = 0
                [90m# (1 unchanged attribute hidden)[0m[0m
            },
        ]
      [32m+[0m[0m id                     = (known after apply)
      [32m+[0m[0m ingress                = [
          [32m+[0m[0m {
              [32m+[0m[0m cidr_blocks      = []
              [32m+[0m[0m description      = "Postgres from app_access"
              [32m+[0m[0m from_port        = 5432
              [32m+[0m[0m ipv6_cidr_blocks = []
              [32m+[0m[0m prefix_list_ids  = []
              [32m+[0m[0m protocol         = "tcp"
              [32m+[0m[0m security_groups  = (known after apply)
              [32m+[0m[0m self             = false
              [32m+[0m[0m to_port          = 5432
            },
        ]
      [32m+[0m[0m name                   = "meme-platform-rds"
      [32m+[0m[0m name_prefix            = (known after apply)
      [32m+[0m[0m owner_id               = (known after apply)
      [32m+[0m[0m revoke_rules_on_delete = false
      [32m+[0m[0m tags                   = {
          [32m+[0m[0m "Name" = "meme-platform-rds"
        }
      [32m+[0m[0m tags_all               = {
          [32m+[0m[0m "ManagedBy" = "terraform"
          [32m+[0m[0m "Name"      = "meme-platform-rds"
          [32m+[0m[0m "Project"   = "meme-platform"
          [32m+[0m[0m "Stack"     = "persistent"
        }
      [32m+[0m[0m vpc_id                 = (known after apply)
    }

[1m  # aws_security_group.redis[0m will be created
[0m  [32m+[0m[0m resource "aws_security_group" "redis" {
      [32m+[0m[0m arn                    = (known after apply)
      [32m+[0m[0m description            = "ElastiCache Redis — ingress only from app_access"
      [32m+[0m[0m egress                 = [
          [32m+[0m[0m {
              [32m+[0m[0m cidr_blocks      = [
                  [32m+[0m[0m "0.0.0.0/0",
                ]
              [32m+[0m[0m from_port        = 0
              [32m+[0m[0m ipv6_cidr_blocks = []
              [32m+[0m[0m prefix_list_ids  = []
              [32m+[0m[0m protocol         = "-1"
              [32m+[0m[0m security_groups  = []
              [32m+[0m[0m self             = false
              [32m+[0m[0m to_port          = 0
                [90m# (1 unchanged attribute hidden)[0m[0m
            },
        ]
      [32m+[0m[0m id                     = (known after apply)
      [32m+[0m[0m ingress                = [
          [32m+[0m[0m {
              [32m+[0m[0m cidr_blocks      = []
              [32m+[0m[0m description      = "Redis from app_access"
              [32m+[0m[0m from_port        = 6379
              [32m+[0m[0m ipv6_cidr_blocks = []
              [32m+[0m[0m prefix_list_ids  = []
              [32m+[0m[0m protocol         = "tcp"
              [32m+[0m[0m security_groups  = (known after apply)
              [32m+[0m[0m self             = false
              [32m+[0m[0m to_port          = 6379
            },
        ]
      [32m+[0m[0m name                   = "meme-platform-redis"
      [32m+[0m[0m name_prefix            = (known after apply)
      [32m+[0m[0m owner_id               = (known after apply)
      [32m+[0m[0m revoke_rules_on_delete = false
      [32m+[0m[0m tags                   = {
          [32m+[0m[0m "Name" = "meme-platform-redis"
        }
      [32m+[0m[0m tags_all               = {
          [32m+[0m[0m "ManagedBy" = "terraform"
          [32m+[0m[0m "Name"      = "meme-platform-redis"
          [32m+[0m[0m "Project"   = "meme-platform"
          [32m+[0m[0m "Stack"     = "persistent"
        }
      [32m+[0m[0m vpc_id                 = (known after apply)
    }

[1m  # aws_subnet.private[0][0m will be created
[0m  [32m+[0m[0m resource "aws_subnet" "private" {
      [32m+[0m[0m arn                                            = (known after apply)
      [32m+[0m[0m assign_ipv6_address_on_creation                = false
      [32m+[0m[0m availability_zone                              = "us-east-1a"
      [32m+[0m[0m availability_zone_id                           = (known after apply)
      [32m+[0m[0m cidr_block                                     = "10.0.10.0/24"
      [32m+[0m[0m enable_dns64                                   = false
      [32m+[0m[0m enable_resource_name_dns_a_record_on_launch    = false
      [32m+[0m[0m enable_resource_name_dns_aaaa_record_on_launch = false
      [32m+[0m[0m id                                             = (known after apply)
      [32m+[0m[0m ipv6_cidr_block_association_id                 = (known after apply)
      [32m+[0m[0m ipv6_native                                    = false
      [32m+[0m[0m map_public_ip_on_launch                        = false
      [32m+[0m[0m owner_id                                       = (known after apply)
      [32m+[0m[0m private_dns_hostname_type_on_launch            = (known after apply)
      [32m+[0m[0m tags                                           = {
          [32m+[0m[0m "Name" = "meme-platform-private-0"
        }
      [32m+[0m[0m tags_all                                       = {
          [32m+[0m[0m "ManagedBy" = "terraform"
          [32m+[0m[0m "Name"      = "meme-platform-private-0"
          [32m+[0m[0m "Project"   = "meme-platform"
          [32m+[0m[0m "Stack"     = "persistent"
        }
      [32m+[0m[0m vpc_id                                         = (known after apply)
    }

[1m  # aws_subnet.private[1][0m will be created
[0m  [32m+[0m[0m resource "aws_subnet" "private" {
      [32m+[0m[0m arn                                            = (known after apply)
      [32m+[0m[0m assign_ipv6_address_on_creation                = false
      [32m+[0m[0m availability_zone                              = "us-east-1b"
      [32m+[0m[0m availability_zone_id                           = (known after apply)
      [32m+[0m[0m cidr_block                                     = "10.0.11.0/24"
      [32m+[0m[0m enable_dns64                                   = false
      [32m+[0m[0m enable_resource_name_dns_a_record_on_launch    = false
      [32m+[0m[0m enable_resource_name_dns_aaaa_record_on_launch = false
      [32m+[0m[0m id                                             = (known after apply)
      [32m+[0m[0m ipv6_cidr_block_association_id                 = (known after apply)
      [32m+[0m[0m ipv6_native                                    = false
      [32m+[0m[0m map_public_ip_on_launch                        = false
      [32m+[0m[0m owner_id                                       = (known after apply)
      [32m+[0m[0m private_dns_hostname_type_on_launch            = (known after apply)
      [32m+[0m[0m tags                                           = {
          [32m+[0m[0m "Name" = "meme-platform-private-1"
        }
      [32m+[0m[0m tags_all                                       = {
          [32m+[0m[0m "ManagedBy" = "terraform"
          [32m+[0m[0m "Name"      = "meme-platform-private-1"
          [32m+[0m[0m "Project"   = "meme-platform"
          [32m+[0m[0m "Stack"     = "persistent"
        }
      [32m+[0m[0m vpc_id                                         = (known after apply)
    }

[1m  # aws_subnet.public[0][0m will be created
[0m  [32m+[0m[0m resource "aws_subnet" "public" {
      [32m+[0m[0m arn                                            = (known after apply)
      [32m+[0m[0m assign_ipv6_address_on_creation                = false
      [32m+[0m[0m availability_zone                              = "us-east-1a"
      [32m+[0m[0m availability_zone_id                           = (known after apply)
      [32m+[0m[0m cidr_block                                     = "10.0.0.0/24"
      [32m+[0m[0m enable_dns64                                   = false
      [32m+[0m[0m enable_resource_name_dns_a_record_on_launch    = false
      [32m+[0m[0m enable_resource_name_dns_aaaa_record_on_launch = false
      [32m+[0m[0m id                                             = (known after apply)
      [32m+[0m[0m ipv6_cidr_block_association_id                 = (known after apply)
      [32m+[0m[0m ipv6_native                                    = false
      [32m+[0m[0m map_public_ip_on_launch                        = true
      [32m+[0m[0m owner_id                                       = (known after apply)
      [32m+[0m[0m private_dns_hostname_type_on_launch            = (known after apply)
      [32m+[0m[0m tags                                           = {
          [32m+[0m[0m "Name"                                    = "meme-platform-public-0"
          [32m+[0m[0m "kubernetes.io/cluster/meme-platform-eks" = "shared"
          [32m+[0m[0m "kubernetes.io/role/elb"                  = "1"
        }
      [32m+[0m[0m tags_all                                       = {
          [32m+[0m[0m "ManagedBy"                               = "terraform"
          [32m+[0m[0m "Name"                                    = "meme-platform-public-0"
          [32m+[0m[0m "Project"                                 = "meme-platform"
          [32m+[0m[0m "Stack"                                   = "persistent"
          [32m+[0m[0m "kubernetes.io/cluster/meme-platform-eks" = "shared"
          [32m+[0m[0m "kubernetes.io/role/elb"                  = "1"
        }
      [32m+[0m[0m vpc_id                                         = (known after apply)
    }

[1m  # aws_subnet.public[1][0m will be created
[0m  [32m+[0m[0m resource "aws_subnet" "public" {
      [32m+[0m[0m arn                                            = (known after apply)
      [32m+[0m[0m assign_ipv6_address_on_creation                = false
      [32m+[0m[0m availability_zone                              = "us-east-1b"
      [32m+[0m[0m availability_zone_id                           = (known after apply)
      [32m+[0m[0m cidr_block                                     = "10.0.1.0/24"
      [32m+[0m[0m enable_dns64                                   = false
      [32m+[0m[0m enable_resource_name_dns_a_record_on_launch    = false
      [32m+[0m[0m enable_resource_name_dns_aaaa_record_on_launch = false
      [32m+[0m[0m id                                             = (known after apply)
      [32m+[0m[0m ipv6_cidr_block_association_id                 = (known after apply)
      [32m+[0m[0m ipv6_native                                    = false
      [32m+[0m[0m map_public_ip_on_launch                        = true
      [32m+[0m[0m owner_id                                       = (known after apply)
      [32m+[0m[0m private_dns_hostname_type_on_launch            = (known after apply)
      [32m+[0m[0m tags                                           = {
          [32m+[0m[0m "Name"                                    = "meme-platform-public-1"
          [32m+[0m[0m "kubernetes.io/cluster/meme-platform-eks" = "shared"
          [32m+[0m[0m "kubernetes.io/role/elb"                  = "1"
        }
      [32m+[0m[0m tags_all                                       = {
          [32m+[0m[0m "ManagedBy"                               = "terraform"
          [32m+[0m[0m "Name"                                    = "meme-platform-public-1"
          [32m+[0m[0m "Project"                                 = "meme-platform"
          [32m+[0m[0m "Stack"                                   = "persistent"
          [32m+[0m[0m "kubernetes.io/cluster/meme-platform-eks" = "shared"
          [32m+[0m[0m "kubernetes.io/role/elb"                  = "1"
        }
      [32m+[0m[0m vpc_id                                         = (known after apply)
    }

[1m  # aws_vpc.main[0m will be created
[0m  [32m+[0m[0m resource "aws_vpc" "main" {
      [32m+[0m[0m arn                                  = (known after apply)
      [32m+[0m[0m cidr_block                           = "10.0.0.0/16"
      [32m+[0m[0m default_network_acl_id               = (known after apply)
      [32m+[0m[0m default_route_table_id               = (known after apply)
      [32m+[0m[0m default_security_group_id            = (known after apply)
      [32m+[0m[0m dhcp_options_id                      = (known after apply)
      [32m+[0m[0m enable_dns_hostnames                 = true
      [32m+[0m[0m enable_dns_support                   = true
      [32m+[0m[0m enable_network_address_usage_metrics = (known after apply)
      [32m+[0m[0m id                                   = (known after apply)
      [32m+[0m[0m instance_tenancy                     = "default"
      [32m+[0m[0m ipv6_association_id                  = (known after apply)
      [32m+[0m[0m ipv6_cidr_block                      = (known after apply)
      [32m+[0m[0m ipv6_cidr_block_network_border_group = (known after apply)
      [32m+[0m[0m main_route_table_id                  = (known after apply)
      [32m+[0m[0m owner_id                             = (known after apply)
      [32m+[0m[0m tags                                 = {
          [32m+[0m[0m "Name" = "meme-platform-vpc"
        }
      [32m+[0m[0m tags_all                             = {
          [32m+[0m[0m "ManagedBy" = "terraform"
          [32m+[0m[0m "Name"      = "meme-platform-vpc"
          [32m+[0m[0m "Project"   = "meme-platform"
          [32m+[0m[0m "Stack"     = "persistent"
        }
    }

[1mPlan:[0m [0m21 to add, 0 to change, 0 to destroy.

Changes to Outputs:
  [32m+[0m[0m app_access_security_group_id = (known after apply)
  [32m+[0m[0m ecr_repository_url           = (known after apply)
  [32m+[0m[0m private_subnet_ids           = [
      [32m+[0m[0m (known after apply),
      [32m+[0m[0m (known after apply),
    ]
  [32m+[0m[0m public_subnet_ids            = [
      [32m+[0m[0m (known after apply),
      [32m+[0m[0m (known after apply),
    ]
  [32m+[0m[0m rds_endpoint                 = (known after apply)
  [32m+[0m[0m rds_master_user_secret_arn   = (known after apply)
  [32m+[0m[0m redis_endpoint               = (known after apply)
  [32m+[0m[0m vpc_id                       = (known after apply)
[0m[1maws_vpc.main: Creating...[0m[0m
[0m[1maws_ecr_repository.api: Creating...[0m[0m
[0m[1maws_ecr_repository.api: Creation complete after 2s [id=meme-platform/api][0m
[0m[1maws_ecr_lifecycle_policy.api: Creating...[0m[0m
[0m[1maws_ecr_lifecycle_policy.api: Creation complete after 0s [id=meme-platform/api][0m
[0m[1maws_vpc.main: Still creating... [00m10s elapsed][0m[0m
[0m[1maws_vpc.main: Creation complete after 15s [id=vpc-029cb02d1824d4b7b][0m
[0m[1maws_internet_gateway.main: Creating...[0m[0m
[0m[1maws_route_table.private: Creating...[0m[0m
[0m[1maws_subnet.public[0]: Creating...[0m[0m
[0m[1maws_subnet.private[1]: Creating...[0m[0m
[0m[1maws_subnet.public[1]: Creating...[0m[0m
[0m[1maws_security_group.app_access: Creating...[0m[0m
[0m[1maws_subnet.private[0]: Creating...[0m[0m
[0m[1maws_internet_gateway.main: Creation complete after 1s [id=igw-0a9e2389e74162ebe][0m
[0m[1maws_route_table.public: Creating...[0m[0m
[0m[1maws_route_table.private: Creation complete after 1s [id=rtb-01257af2d802c15cf][0m
[0m[1maws_subnet.private[0]: Creation complete after 4s [id=subnet-0f1012a668be4a387][0m
[0m[1maws_route_table.public: Creation complete after 3s [id=rtb-0232e7cbfc3f34659][0m
[0m[1maws_security_group.app_access: Creation complete after 5s [id=sg-00a01ba8e2e16129f][0m
[0m[1maws_security_group.rds: Creating...[0m[0m
[0m[1maws_security_group.redis: Creating...[0m[0m
[0m[1maws_subnet.private[1]: Creation complete after 5s [id=subnet-0902b046c8be22c5c][0m
[0m[1maws_route_table_association.private[0]: Creating...[0m[0m
[0m[1maws_elasticache_subnet_group.main: Creating...[0m[0m
[0m[1maws_route_table_association.private[1]: Creating...[0m[0m
[0m[1maws_db_subnet_group.main: Creating...[0m[0m
[0m[1maws_route_table_association.private[0]: Creation complete after 2s [id=rtbassoc-00ac33be1c416ff62][0m
[0m[1maws_route_table_association.private[1]: Creation complete after 2s [id=rtbassoc-0f69fc423b2c19045][0m
[0m[1maws_db_subnet_group.main: Creation complete after 4s [id=meme-platform-db-subnets][0m
[0m[1maws_elasticache_subnet_group.main: Creation complete after 4s [id=meme-platform-cache-subnets][0m
[0m[1maws_subnet.public[0]: Still creating... [00m10s elapsed][0m[0m
[0m[1maws_subnet.public[1]: Still creating... [00m10s elapsed][0m[0m
[0m[1maws_subnet.public[1]: Creation complete after 13s [id=subnet-02c3304e3a1126c31][0m
[0m[1maws_subnet.public[0]: Creation complete after 13s [id=subnet-0c25dffe5496395ec][0m
[0m[1maws_route_table_association.public[1]: Creating...[0m[0m
[0m[1maws_route_table_association.public[0]: Creating...[0m[0m
[0m[1maws_route_table_association.public[0]: Creation complete after 0s [id=rtbassoc-02b3ebb18f641d226][0m
[0m[1maws_route_table_association.public[1]: Creation complete after 1s [id=rtbassoc-0a35555c65ba48adf][0m
terraform : [31m╷[0m[0m
At line:3 char:1
+ terraform apply -auto-approve 2>&1 | Tee-Object -FilePath apply_outpu ...
+ ~~~~~~~~~~~~~~~~~~~~~~~~~~~~~~~~~~
    + CategoryInfo          : NotSpecified: ([31m╷[0m[0m:String) [], RemoteException
    + FullyQualifiedErrorId : NativeCommandError
 
[31m│[0m [0m[1m[31mError: [0m[0m[1mcreating Security Group (meme-platform-rds): operation error EC2: 
CreateSecurityGroup, https response error StatusCode: 400, RequestID: 7d5ca93d-69bd-44e4-a25e-e511463f77c5, api error 
InvalidParameterValue: Value (Postgres — ingress only from app_access) for parameter GroupDescription is invalid. 
Character sets beyond ASCII are not supported.[0m
[31m│[0m [0m
[31m│[0m [0m[0m  with aws_security_group.rds,
[31m│[0m [0m  on security_groups.tf line 20, in resource "aws_security_group" "rds":
[31m│[0m [0m  20: resource "aws_security_group" "rds" [4m{[0m[0m
[31m│[0m [0m
[31m╵[0m[0m
[31m╷[0m[0m
[31m│[0m [0m[1m[31mError: [0m[0m[1mcreating Security Group (meme-platform-redis): operation error EC2: 
CreateSecurityGroup, https response error StatusCode: 400, RequestID: 53645e43-f04a-47f4-9ca3-2e1716a1138f, api error 
InvalidParameterValue: Value (ElastiCache Redis — ingress only from app_access) for parameter GroupDescription is 
invalid. Character sets beyond ASCII are not supported.[0m
[31m│[0m [0m
[31m│[0m [0m[0m  with aws_security_group.redis,
[31m│[0m [0m  on security_groups.tf line 43, in resource "aws_security_group" "redis":
[31m│[0m [0m  43: resource "aws_security_group" "redis" [4m{[0m[0m
[31m│[0m [0m
[31m╵[0m[0m
Releasing state lock. This may take a few moments...
